QG_PROGRESS:{"status":"started","label":"Validate request"}
QG_PROGRESS:{"status":"completed","label":"Validate request","durationMs":9.81}
QG_PROGRESS:{"status":"started","label":"Load Reaction engine"}
QG_PROGRESS:{"status":"completed","label":"Load Reaction engine","durationMs":7.4}
QG_PROGRESS:{"status":"started","label":"Load Blue Line engine"}
QG_PROGRESS:{"status":"completed","label":"Load Blue Line engine","durationMs":2.88}
QG_PROGRESS:{"status":"started","label":"Load A engine"}
QG_PROGRESS:{"status":"completed","label":"Load A engine","durationMs":3.78}
QG_PROGRESS:{"status":"started","label":"Load S engine"}
QG_PROGRESS:{"status":"completed","label":"Load S engine","durationMs":3.53}
QG_PROGRESS:{"status":"started","label":"Load E engine"}
QG_PROGRESS:{"status":"completed","label":"Load E engine","durationMs":3.41}
QG_PROGRESS:{"status":"started","label":"Load Lifecycle engine"}
QG_PROGRESS:{"status":"completed","label":"Load Lifecycle engine","durationMs":4.18}
QG_PROGRESS:{"status":"started","label":"Read source file"}
QG_PROGRESS:{"status":"completed","label":"Read source file","durationMs":6.23}
QG_PROGRESS:{"status":"started","label":"Parse source JSON"}
QG_PROGRESS:{"status":"completed","label":"Parse source JSON","durationMs":89.61}
QG_PROGRESS:{"status":"started","label":"Use full RAW calculation context"}
QG_PROGRESS:{"status":"completed","label":"Use full RAW calculation context","durationMs":0.02}
QG_PROGRESS:{"status":"started","label":"Normalize raw candles"}
QG_PROGRESS:{"status":"completed","label":"Normalize raw candles","durationMs":454.98}
QG_PROGRESS:{"status":"started","label":"Build lower candle views"}
QG_PROGRESS:{"status":"completed","label":"Build lower candle views","durationMs":761.76}
QG_PROGRESS:{"status":"started","label":"Build timeframe candle views"}
QG_PROGRESS:{"status":"completed","label":"Build timeframe candle views","durationMs":209.52}
QG_PROGRESS:{"status":"started","label":"Reaction geometry \u2022 Bullish"}
QG_PROGRESS:{"status":"completed","label":"Reaction geometry \u2022 Bullish","durationMs":169.93}
QG_PROGRESS:{"status":"started","label":"Reaction geometry \u2022 Bearish"}
QG_PROGRESS:{"status":"completed","label":"Reaction geometry \u2022 Bearish","durationMs":292.04}
QG_PROGRESS:{"status":"started","label":"Internal Reaction ownership"}
QG_PROGRESS:{"status":"completed","label":"Internal Reaction ownership","durationMs":2452.78}
QG_PROGRESS:{"status":"started","label":"Blue Line \u2022 Bullish"}
QG_PROGRESS:{"status":"completed","label":"Blue Line \u2022 Bullish","durationMs":28.14}
QG_PROGRESS:{"status":"started","label":"A \u2022 Bullish"}
QG_PROGRESS:{"status":"completed","label":"A \u2022 Bullish","durationMs":974.58}
QG_PROGRESS:{"status":"started","label":"S \u2022 Bullish"}
QG_PROGRESS:{"status":"completed","label":"S \u2022 Bullish","durationMs":770.12}
QG_PROGRESS:{"status":"started","label":"E \u2022 Bullish \u2022 initial"}
QG_PROGRESS:{"status":"completed","label":"E \u2022 Bullish \u2022 initial","durationMs":3417.75}
QG_PROGRESS:{"status":"started","label":"E \u2022 Bullish \u2022 S reconciliation"}
QG_PROGRESS:{"status":"completed","label":"E \u2022 Bullish \u2022 S reconciliation","durationMs":1784.2}
QG_PROGRESS:{"status":"started","label":"E \u2022 Bullish \u2022 final audit"}
QG_PROGRESS:{"status":"completed","label":"E \u2022 Bullish \u2022 final audit","durationMs":1463.53}
QG_PROGRESS:{"status":"started","label":"E \u2022 Bullish \u2022 shared Order-stop reconciliation"}
QG_PROGRESS:{"status":"completed","label":"E \u2022 Bullish \u2022 shared Order-stop reconciliation","durationMs":1446.55}
QG_PROGRESS:{"status":"started","label":"E \u2022 Bullish \u2022 initial"}
QG_PROGRESS:{"status":"completed","label":"E \u2022 Bullish \u2022 initial","durationMs":4338.73}
QG_PROGRESS:{"status":"started","label":"E \u2022 Bullish \u2022 S reconciliation"}
QG_PROGRESS:{"status":"completed","label":"E \u2022 Bullish \u2022 S reconciliation","durationMs":2405.44}
QG_PROGRESS:{"status":"started","label":"E \u2022 Bullish \u2022 final audit"}
QG_PROGRESS:{"status":"completed","label":"E \u2022 Bullish \u2022 final audit","durationMs":1434.06}
QG_PROGRESS:{"status":"started","label":"E \u2022 Bullish \u2022 shared Order-stop reconciliation"}
QG_PROGRESS:{"status":"completed","label":"E \u2022 Bullish \u2022 shared Order-stop reconciliation","durationMs":1358.57}
QG_PROGRESS:{"status":"started","label":"E \u2022 Bullish \u2022 initial"}
QG_PROGRESS:{"status":"completed","label":"E \u2022 Bullish \u2022 initial","durationMs":3378.68}
QG_PROGRESS:{"status":"started","label":"E \u2022 Bullish \u2022 S reconciliation"}
QG_PROGRESS:{"status":"completed","label":"E \u2022 Bullish \u2022 S reconciliation","durationMs":1842.92}
QG_PROGRESS:{"status":"started","label":"E \u2022 Bullish \u2022 final audit"}
QG_PROGRESS:{"status":"completed","label":"E \u2022 Bullish \u2022 final audit","durationMs":1351.66}
QG_PROGRESS:{"status":"started","label":"E \u2022 Bullish \u2022 shared Order-stop reconciliation"}
QG_PROGRESS:{"status":"completed","label":"E \u2022 Bullish \u2022 shared Order-stop reconciliation","durationMs":1311.13}
QG_PROGRESS:{"status":"started","label":"Blue Line \u2022 Bearish"}
QG_PROGRESS:{"status":"completed","label":"Blue Line \u2022 Bearish","durationMs":27.87}
QG_PROGRESS:{"status":"started","label":"A \u2022 Bearish"}
QG_PROGRESS:{"status":"completed","label":"A \u2022 Bearish","durationMs":1081.27}
QG_PROGRESS:{"status":"started","label":"S \u2022 Bearish"}
QG_PROGRESS:{"status":"completed","label":"S \u2022 Bearish","durationMs":740.0}
QG_PROGRESS:{"status":"started","label":"E \u2022 Bearish \u2022 initial"}
QG_PROGRESS:{"status":"completed","label":"E \u2022 Bearish \u2022 initial","durationMs":1643.32}
QG_PROGRESS:{"status":"started","label":"E \u2022 Bearish \u2022 S reconciliation"}
QG_PROGRESS:{"status":"completed","label":"E \u2022 Bearish \u2022 S reconciliation","durationMs":903.79}
QG_PROGRESS:{"status":"started","label":"E \u2022 Bearish \u2022 final audit"}
QG_PROGRESS:{"status":"completed","label":"E \u2022 Bearish \u2022 final audit","durationMs":684.3}
QG_PROGRESS:{"status":"started","label":"E \u2022 Bearish \u2022 shared Order-stop reconciliation"}
QG_PROGRESS:{"status":"completed","label":"E \u2022 Bearish \u2022 shared Order-stop reconciliation","durationMs":682.33}
QG_PROGRESS:{"status":"started","label":"E \u2022 Bearish \u2022 initial"}
QG_PROGRESS:{"status":"completed","label":"E \u2022 Bearish \u2022 initial","durationMs":1757.67}
QG_PROGRESS:{"status":"started","label":"E \u2022 Bearish \u2022 S reconciliation"}
QG_PROGRESS:{"status":"completed","label":"E \u2022 Bearish \u2022 S reconciliation","durationMs":1030.9}
QG_PROGRESS:{"status":"started","label":"E \u2022 Bearish \u2022 final audit"}
QG_PROGRESS:{"status":"completed","label":"E \u2022 Bearish \u2022 final audit","durationMs":838.4}
QG_PROGRESS:{"status":"started","label":"E \u2022 Bearish \u2022 shared Order-stop reconciliation"}
QG_PROGRESS:{"status":"completed","label":"E \u2022 Bearish \u2022 shared Order-stop reconciliation","durationMs":970.38}
QG_PROGRESS:{"status":"started","label":"E \u2022 Bearish \u2022 initial"}
QG_PROGRESS:{"status":"completed","label":"E \u2022 Bearish \u2022 initial","durationMs":2487.85}
QG_PROGRESS:{"status":"started","label":"E \u2022 Bearish \u2022 S reconciliation"}
QG_PROGRESS:{"status":"completed","label":"E \u2022 Bearish \u2022 S reconciliation","durationMs":1225.49}
QG_PROGRESS:{"status":"started","label":"E \u2022 Bearish \u2022 final audit"}
QG_PROGRESS:{"status":"completed","label":"E \u2022 Bearish \u2022 final audit","durationMs":1151.28}
QG_PROGRESS:{"status":"started","label":"E \u2022 Bearish \u2022 shared Order-stop reconciliation"}
QG_PROGRESS:{"status":"completed","label":"E \u2022 Bearish \u2022 shared Order-stop reconciliation","durationMs":1129.64}
QG_PROGRESS:{"status":"started","label":"Reconcile S visibility - Bullish"}
QG_PROGRESS:{"status":"completed","label":"Reconcile S visibility - Bullish","durationMs":5.81}
QG_PROGRESS:{"status":"started","label":"StopAll - Bullish"}
QG_PROGRESS:{"status":"completed","label":"StopAll - Bullish","durationMs":6.13}
QG_PROGRESS:{"status":"started","label":"Order_B reset legs - Bullish"}
QG_PROGRESS:{"status":"completed","label":"Order_B reset legs - Bullish","durationMs":106.41}
QG_PROGRESS:{"status":"started","label":"Apply visibility filters - Bullish"}
QG_PROGRESS:{"status":"completed","label":"Apply visibility filters - Bullish","durationMs":752.25}
QG_PROGRESS:{"status":"started","label":"Serialize Reaction - Bullish"}
QG_PROGRESS:{"status":"completed","label":"Serialize Reaction - Bullish","durationMs":186.39}
QG_PROGRESS:{"status":"started","label":"Serialize output - Bullish"}
QG_PROGRESS:{"status":"completed","label":"Serialize output - Bullish","durationMs":431.27}
QG_PROGRESS:{"status":"started","label":"Reconcile S visibility - Bearish"}
QG_PROGRESS:{"status":"completed","label":"Reconcile S visibility - Bearish","durationMs":6.54}
QG_PROGRESS:{"status":"started","label":"StopAll - Bearish"}
QG_PROGRESS:{"status":"completed","label":"StopAll - Bearish","durationMs":6.67}
QG_PROGRESS:{"status":"started","label":"Order_B reset legs - Bearish"}
QG_PROGRESS:{"status":"completed","label":"Order_B reset legs - Bearish","durationMs":103.83}
QG_PROGRESS:{"status":"started","label":"Apply visibility filters - Bearish"}
QG_PROGRESS:{"status":"completed","label":"Apply visibility filters - Bearish","durationMs":808.36}
QG_PROGRESS:{"status":"started","label":"Serialize Reaction - Bearish"}
QG_PROGRESS:{"status":"completed","label":"Serialize Reaction - Bearish","durationMs":109.69}
QG_PROGRESS:{"status":"started","label":"Serialize output - Bearish"}
QG_PROGRESS:{"status":"completed","label":"Serialize output - Bearish","durationMs":225.34}
QG_PROGRESS:{"status":"completed","label":"Calculation pipeline","durationMs":58766.4}
QG_PROGRESS:{"status":"completed","label":"Encode response JSON","durationMs":78.63}
