QG_PROGRESS:{"status":"started","label":"Validate request"}
QG_PROGRESS:{"status":"completed","label":"Validate request","durationMs":15.23}
QG_PROGRESS:{"status":"started","label":"Load Reaction engine"}
QG_PROGRESS:{"status":"completed","label":"Load Reaction engine","durationMs":11.06}
QG_PROGRESS:{"status":"started","label":"Load Blue Line engine"}
QG_PROGRESS:{"status":"completed","label":"Load Blue Line engine","durationMs":4.05}
QG_PROGRESS:{"status":"started","label":"Load A engine"}
QG_PROGRESS:{"status":"completed","label":"Load A engine","durationMs":5.41}
QG_PROGRESS:{"status":"started","label":"Load S engine"}
QG_PROGRESS:{"status":"completed","label":"Load S engine","durationMs":5.34}
QG_PROGRESS:{"status":"started","label":"Load E engine"}
QG_PROGRESS:{"status":"completed","label":"Load E engine","durationMs":5.02}
QG_PROGRESS:{"status":"started","label":"Load Lifecycle engine"}
QG_PROGRESS:{"status":"completed","label":"Load Lifecycle engine","durationMs":6.12}
QG_PROGRESS:{"status":"started","label":"Read source file"}
QG_PROGRESS:{"status":"completed","label":"Read source file","durationMs":1.77}
QG_PROGRESS:{"status":"started","label":"Parse source JSON"}
QG_PROGRESS:{"status":"completed","label":"Parse source JSON","durationMs":21.92}
QG_PROGRESS:{"status":"started","label":"Use full RAW calculation context"}
QG_PROGRESS:{"status":"completed","label":"Use full RAW calculation context","durationMs":0.02}
QG_PROGRESS:{"status":"started","label":"Normalize raw candles"}
QG_PROGRESS:{"status":"completed","label":"Normalize raw candles","durationMs":79.83}
QG_PROGRESS:{"status":"started","label":"Build lower candle views"}
QG_PROGRESS:{"status":"completed","label":"Build lower candle views","durationMs":183.33}
QG_PROGRESS:{"status":"started","label":"Build timeframe candle views"}
QG_PROGRESS:{"status":"completed","label":"Build timeframe candle views","durationMs":29.82}
QG_PROGRESS:{"status":"started","label":"Reaction geometry \u2022 Bullish"}
QG_PROGRESS:{"status":"completed","label":"Reaction geometry \u2022 Bullish","durationMs":39.01}
QG_PROGRESS:{"status":"started","label":"Reaction geometry \u2022 Bearish"}
QG_PROGRESS:{"status":"completed","label":"Reaction geometry \u2022 Bearish","durationMs":72.54}
QG_PROGRESS:{"status":"started","label":"Internal Reaction ownership"}
QG_PROGRESS:{"status":"completed","label":"Internal Reaction ownership","durationMs":105.78}
QG_PROGRESS:{"status":"started","label":"Blue Line \u2022 Bullish"}
QG_PROGRESS:{"status":"completed","label":"Blue Line \u2022 Bullish","durationMs":6.61}
QG_PROGRESS:{"status":"started","label":"A \u2022 Bullish"}
QG_PROGRESS:{"status":"completed","label":"A \u2022 Bullish","durationMs":51.72}
QG_PROGRESS:{"status":"started","label":"S \u2022 Bullish"}
QG_PROGRESS:{"status":"completed","label":"S \u2022 Bullish","durationMs":21.48}
QG_PROGRESS:{"status":"started","label":"E \u2022 Bullish \u2022 initial"}
QG_PROGRESS:{"status":"completed","label":"E \u2022 Bullish \u2022 initial","durationMs":112.26}
QG_PROGRESS:{"status":"started","label":"E \u2022 Bullish \u2022 S reconciliation"}
QG_PROGRESS:{"status":"completed","label":"E \u2022 Bullish \u2022 S reconciliation","durationMs":76.04}
QG_PROGRESS:{"status":"started","label":"E \u2022 Bullish \u2022 final audit"}
QG_PROGRESS:{"status":"completed","label":"E \u2022 Bullish \u2022 final audit","durationMs":70.81}
QG_PROGRESS:{"status":"started","label":"E \u2022 Bullish \u2022 shared Order-stop reconciliation"}
QG_PROGRESS:{"status":"completed","label":"E \u2022 Bullish \u2022 shared Order-stop reconciliation","durationMs":69.37}
QG_PROGRESS:{"status":"started","label":"E \u2022 Bullish \u2022 initial"}
QG_PROGRESS:{"status":"completed","label":"E \u2022 Bullish \u2022 initial","durationMs":125.34}
QG_PROGRESS:{"status":"started","label":"E \u2022 Bullish \u2022 S reconciliation"}
QG_PROGRESS:{"status":"completed","label":"E \u2022 Bullish \u2022 S reconciliation","durationMs":86.92}
QG_PROGRESS:{"status":"started","label":"E \u2022 Bullish \u2022 final audit"}
QG_PROGRESS:{"status":"completed","label":"E \u2022 Bullish \u2022 final audit","durationMs":80.84}
QG_PROGRESS:{"status":"started","label":"E \u2022 Bullish \u2022 shared Order-stop reconciliation"}
QG_PROGRESS:{"status":"completed","label":"E \u2022 Bullish \u2022 shared Order-stop reconciliation","durationMs":78.97}
QG_PROGRESS:{"status":"started","label":"E \u2022 Bullish \u2022 initial"}
QG_PROGRESS:{"status":"completed","label":"E \u2022 Bullish \u2022 initial","durationMs":118.93}
QG_PROGRESS:{"status":"started","label":"E \u2022 Bullish \u2022 S reconciliation"}
QG_PROGRESS:{"status":"completed","label":"E \u2022 Bullish \u2022 S reconciliation","durationMs":80.83}
QG_PROGRESS:{"status":"started","label":"E \u2022 Bullish \u2022 final audit"}
QG_PROGRESS:{"status":"completed","label":"E \u2022 Bullish \u2022 final audit","durationMs":76.29}
QG_PROGRESS:{"status":"started","label":"E \u2022 Bullish \u2022 shared Order-stop reconciliation"}
QG_PROGRESS:{"status":"completed","label":"E \u2022 Bullish \u2022 shared Order-stop reconciliation","durationMs":79.06}
QG_PROGRESS:{"status":"started","label":"Blue Line \u2022 Bearish"}
QG_PROGRESS:{"status":"completed","label":"Blue Line \u2022 Bearish","durationMs":6.72}
QG_PROGRESS:{"status":"started","label":"A \u2022 Bearish"}
QG_PROGRESS:{"status":"completed","label":"A \u2022 Bearish","durationMs":64.02}
QG_PROGRESS:{"status":"started","label":"S \u2022 Bearish"}
QG_PROGRESS:{"status":"completed","label":"S \u2022 Bearish","durationMs":42.31}
QG_PROGRESS:{"status":"started","label":"E \u2022 Bearish \u2022 initial"}
QG_PROGRESS:{"status":"completed","label":"E \u2022 Bearish \u2022 initial","durationMs":221.92}
QG_PROGRESS:{"status":"started","label":"E \u2022 Bearish \u2022 S reconciliation"}
QG_PROGRESS:{"status":"completed","label":"E \u2022 Bearish \u2022 S reconciliation","durationMs":115.68}
QG_PROGRESS:{"status":"started","label":"E \u2022 Bearish \u2022 final audit"}
QG_PROGRESS:{"status":"completed","label":"E \u2022 Bearish \u2022 final audit","durationMs":106.2}
QG_PROGRESS:{"status":"started","label":"E \u2022 Bearish \u2022 initial"}
QG_PROGRESS:{"status":"completed","label":"E \u2022 Bearish \u2022 initial","durationMs":315.81}
QG_PROGRESS:{"status":"started","label":"E \u2022 Bearish \u2022 S reconciliation"}
QG_PROGRESS:{"status":"completed","label":"E \u2022 Bearish \u2022 S reconciliation","durationMs":201.93}
QG_PROGRESS:{"status":"started","label":"E \u2022 Bearish \u2022 final audit"}
QG_PROGRESS:{"status":"completed","label":"E \u2022 Bearish \u2022 final audit","durationMs":171.7}
QG_PROGRESS:{"status":"started","label":"E \u2022 Bearish \u2022 initial"}
QG_PROGRESS:{"status":"completed","label":"E \u2022 Bearish \u2022 initial","durationMs":357.96}
QG_PROGRESS:{"status":"started","label":"E \u2022 Bearish \u2022 S reconciliation"}
QG_PROGRESS:{"status":"completed","label":"E \u2022 Bearish \u2022 S reconciliation","durationMs":195.06}
QG_PROGRESS:{"status":"started","label":"E \u2022 Bearish \u2022 final audit"}
QG_PROGRESS:{"status":"completed","label":"E \u2022 Bearish \u2022 final audit","durationMs":189.09}
QG_PROGRESS:{"status":"started","label":"Reconcile S visibility - Bullish"}
QG_PROGRESS:{"status":"completed","label":"Reconcile S visibility - Bullish","durationMs":0.49}
QG_PROGRESS:{"status":"started","label":"StopAll - Bullish"}
QG_PROGRESS:{"status":"completed","label":"StopAll - Bullish","durationMs":0.24}
QG_PROGRESS:{"status":"started","label":"Order_B reset legs - Bullish"}
QG_PROGRESS:{"status":"completed","label":"Order_B reset legs - Bullish","durationMs":12.27}
QG_PROGRESS:{"status":"started","label":"Apply visibility filters - Bullish"}
QG_PROGRESS:{"status":"completed","label":"Apply visibility filters - Bullish","durationMs":38.44}
QG_PROGRESS:{"status":"started","label":"Serialize Reaction - Bullish"}
QG_PROGRESS:{"status":"completed","label":"Serialize Reaction - Bullish","durationMs":49.86}
QG_PROGRESS:{"status":"started","label":"Serialize output - Bullish"}
QG_PROGRESS:{"status":"completed","label":"Serialize output - Bullish","durationMs":45.89}
QG_PROGRESS:{"status":"started","label":"Reconcile S visibility - Bearish"}
QG_PROGRESS:{"status":"completed","label":"Reconcile S visibility - Bearish","durationMs":0.56}
QG_PROGRESS:{"status":"started","label":"StopAll - Bearish"}
QG_PROGRESS:{"status":"completed","label":"StopAll - Bearish","durationMs":1.73}
QG_PROGRESS:{"status":"started","label":"Order_B reset legs - Bearish"}
QG_PROGRESS:{"status":"completed","label":"Order_B reset legs - Bearish","durationMs":16.58}
QG_PROGRESS:{"status":"started","label":"Apply visibility filters - Bearish"}
QG_PROGRESS:{"status":"completed","label":"Apply visibility filters - Bearish","durationMs":45.35}
QG_PROGRESS:{"status":"started","label":"Serialize Reaction - Bearish"}
QG_PROGRESS:{"status":"completed","label":"Serialize Reaction - Bearish","durationMs":41.61}
QG_PROGRESS:{"status":"started","label":"Serialize output - Bearish"}
QG_PROGRESS:{"status":"completed","label":"Serialize output - Bearish","durationMs":43.13}
QG_PROGRESS:{"status":"completed","label":"Calculation pipeline","durationMs":4774.06}
QG_PROGRESS:{"status":"completed","label":"Encode response JSON","durationMs":26.42}
