QG_PROGRESS:{"status":"started","label":"Validate request"}
QG_PROGRESS:{"status":"completed","label":"Validate request","durationMs":7.85}
QG_PROGRESS:{"status":"started","label":"Load Reaction engine"}
QG_PROGRESS:{"status":"completed","label":"Load Reaction engine","durationMs":23.97}
QG_PROGRESS:{"status":"started","label":"Load Blue Line engine"}
QG_PROGRESS:{"status":"completed","label":"Load Blue Line engine","durationMs":2.46}
QG_PROGRESS:{"status":"started","label":"Load A engine"}
QG_PROGRESS:{"status":"completed","label":"Load A engine","durationMs":10.56}
QG_PROGRESS:{"status":"started","label":"Load S engine"}
QG_PROGRESS:{"status":"completed","label":"Load S engine","durationMs":12.49}
QG_PROGRESS:{"status":"started","label":"Load E engine"}
QG_PROGRESS:{"status":"completed","label":"Load E engine","durationMs":11.45}
QG_PROGRESS:{"status":"started","label":"Load Lifecycle engine"}
QG_PROGRESS:{"status":"completed","label":"Load Lifecycle engine","durationMs":15.48}
QG_PROGRESS:{"status":"started","label":"Read source file"}
QG_PROGRESS:{"status":"completed","label":"Read source file","durationMs":0.18}
QG_PROGRESS:{"status":"started","label":"Parse source JSON"}
QG_PROGRESS:{"status":"completed","label":"Parse source JSON","durationMs":0.78}
QG_PROGRESS:{"status":"started","label":"Use full RAW calculation context"}
QG_PROGRESS:{"status":"completed","label":"Use full RAW calculation context","durationMs":0.01}
QG_PROGRESS:{"status":"started","label":"Normalize raw candles"}
QG_PROGRESS:{"status":"completed","label":"Normalize raw candles","durationMs":6.21}
QG_PROGRESS:{"status":"started","label":"Build lower candle views"}
QG_PROGRESS:{"status":"completed","label":"Build lower candle views","durationMs":6.17}
QG_PROGRESS:{"status":"started","label":"Build timeframe candle views"}
QG_PROGRESS:{"status":"completed","label":"Build timeframe candle views","durationMs":4.84}
QG_PROGRESS:{"status":"started","label":"Reaction geometry \u2022 Bullish"}
QG_PROGRESS:{"status":"completed","label":"Reaction geometry \u2022 Bullish","durationMs":8.39}
QG_PROGRESS:{"status":"started","label":"Reaction geometry \u2022 Bearish"}
QG_PROGRESS:{"status":"completed","label":"Reaction geometry \u2022 Bearish","durationMs":12.26}
QG_PROGRESS:{"status":"started","label":"Internal Reaction ownership"}
QG_PROGRESS:{"status":"completed","label":"Internal Reaction ownership","durationMs":8.35}
QG_PROGRESS:{"status":"started","label":"Blue Line \u2022 Bullish"}
QG_PROGRESS:{"status":"completed","label":"Blue Line \u2022 Bullish","durationMs":1.57}
QG_PROGRESS:{"status":"started","label":"A \u2022 Bullish"}
QG_PROGRESS:{"status":"completed","label":"A \u2022 Bullish","durationMs":5.19}
QG_PROGRESS:{"status":"started","label":"S \u2022 Bullish"}
QG_PROGRESS:{"status":"completed","label":"S \u2022 Bullish","durationMs":4.45}
QG_PROGRESS:{"status":"started","label":"E \u2022 Bullish \u2022 initial"}
QG_PROGRESS:{"status":"completed","label":"E \u2022 Bullish \u2022 initial","durationMs":10.54}
QG_PROGRESS:{"status":"started","label":"E \u2022 Bullish \u2022 S reconciliation"}
QG_PROGRESS:{"status":"completed","label":"E \u2022 Bullish \u2022 S reconciliation","durationMs":2.63}
QG_PROGRESS:{"status":"started","label":"E \u2022 Bullish \u2022 final audit"}
QG_PROGRESS:{"status":"completed","label":"E \u2022 Bullish \u2022 final audit","durationMs":2.77}
QG_PROGRESS:{"status":"started","label":"Blue Line \u2022 Bullish"}
QG_PROGRESS:{"status":"completed","label":"Blue Line \u2022 Bullish","durationMs":1.35}
QG_PROGRESS:{"status":"started","label":"A \u2022 Bullish"}
QG_PROGRESS:{"status":"completed","label":"A \u2022 Bullish","durationMs":4.39}
QG_PROGRESS:{"status":"started","label":"S \u2022 Bullish"}
QG_PROGRESS:{"status":"completed","label":"S \u2022 Bullish","durationMs":2.72}
QG_PROGRESS:{"status":"started","label":"E \u2022 Bullish \u2022 initial"}
QG_PROGRESS:{"status":"completed","label":"E \u2022 Bullish \u2022 initial","durationMs":7.07}
QG_PROGRESS:{"status":"started","label":"E \u2022 Bullish \u2022 S reconciliation"}
QG_PROGRESS:{"status":"completed","label":"E \u2022 Bullish \u2022 S reconciliation","durationMs":3.97}
QG_PROGRESS:{"status":"started","label":"E \u2022 Bullish \u2022 final audit"}
QG_PROGRESS:{"status":"completed","label":"E \u2022 Bullish \u2022 final audit","durationMs":4.15}
QG_PROGRESS:{"status":"started","label":"Blue Line \u2022 Bullish"}
QG_PROGRESS:{"status":"completed","label":"Blue Line \u2022 Bullish","durationMs":1.29}
QG_PROGRESS:{"status":"started","label":"A \u2022 Bullish"}
QG_PROGRESS:{"status":"completed","label":"A \u2022 Bullish","durationMs":4.26}
QG_PROGRESS:{"status":"started","label":"S \u2022 Bullish"}
QG_PROGRESS:{"status":"completed","label":"S \u2022 Bullish","durationMs":2.03}
QG_PROGRESS:{"status":"started","label":"E \u2022 Bullish \u2022 initial"}
QG_PROGRESS:{"status":"completed","label":"E \u2022 Bullish \u2022 initial","durationMs":6.07}
QG_PROGRESS:{"status":"started","label":"E \u2022 Bullish \u2022 S reconciliation"}
QG_PROGRESS:{"status":"completed","label":"E \u2022 Bullish \u2022 S reconciliation","durationMs":3.77}
QG_PROGRESS:{"status":"started","label":"E \u2022 Bullish \u2022 final audit"}
QG_PROGRESS:{"status":"completed","label":"E \u2022 Bullish \u2022 final audit","durationMs":4.13}
QG_PROGRESS:{"status":"started","label":"Reconcile S visibility - Bullish"}
QG_PROGRESS:{"status":"completed","label":"Reconcile S visibility - Bullish","durationMs":0.07}
QG_PROGRESS:{"status":"started","label":"StopAll - Bullish"}
QG_PROGRESS:{"status":"completed","label":"StopAll - Bullish","durationMs":0.1}
QG_PROGRESS:{"status":"started","label":"Order_B reset legs - Bullish"}
QG_PROGRESS:{"status":"completed","label":"Order_B reset legs - Bullish","durationMs":1.83}
QG_PROGRESS:{"status":"started","label":"Apply visibility filters - Bullish"}
QG_PROGRESS:{"status":"completed","label":"Apply visibility filters - Bullish","durationMs":1.15}
QG_PROGRESS:{"status":"started","label":"Serialize Reaction - Bullish"}
QG_PROGRESS:{"status":"completed","label":"Serialize Reaction - Bullish","durationMs":5.29}
QG_PROGRESS:{"status":"started","label":"Serialize output - Bullish"}
QG_PROGRESS:{"status":"completed","label":"Serialize output - Bullish","durationMs":1.04}
QG_PROGRESS:{"status":"completed","label":"Calculation pipeline","durationMs":260.51}
QG_PROGRESS:{"status":"completed","label":"Encode response JSON","durationMs":4.45}
