QG_PROGRESS:{"status":"started","label":"Validate request"}
QG_PROGRESS:{"status":"completed","label":"Validate request","durationMs":12.63}
QG_PROGRESS:{"status":"started","label":"Load Reaction engine"}
QG_PROGRESS:{"status":"completed","label":"Load Reaction engine","durationMs":8.98}
QG_PROGRESS:{"status":"started","label":"Load Blue Line engine"}
QG_PROGRESS:{"status":"completed","label":"Load Blue Line engine","durationMs":3.24}
QG_PROGRESS:{"status":"started","label":"Load A engine"}
QG_PROGRESS:{"status":"completed","label":"Load A engine","durationMs":4.41}
QG_PROGRESS:{"status":"started","label":"Load S engine"}
QG_PROGRESS:{"status":"completed","label":"Load S engine","durationMs":4.02}
QG_PROGRESS:{"status":"started","label":"Load E engine"}
QG_PROGRESS:{"status":"completed","label":"Load E engine","durationMs":36.75}
QG_PROGRESS:{"status":"started","label":"Load Lifecycle engine"}
QG_PROGRESS:{"status":"completed","label":"Load Lifecycle engine","durationMs":5.83}
QG_PROGRESS:{"status":"started","label":"Read source file"}
QG_PROGRESS:{"status":"completed","label":"Read source file","durationMs":0.92}
QG_PROGRESS:{"status":"started","label":"Parse source JSON"}
QG_PROGRESS:{"status":"completed","label":"Parse source JSON","durationMs":9.12}
QG_PROGRESS:{"status":"started","label":"Use full RAW calculation context"}
QG_PROGRESS:{"status":"completed","label":"Use full RAW calculation context","durationMs":0.02}
QG_PROGRESS:{"status":"started","label":"Normalize raw candles"}
QG_PROGRESS:{"status":"completed","label":"Normalize raw candles","durationMs":63.24}
QG_PROGRESS:{"status":"started","label":"Build lower candle views"}
QG_PROGRESS:{"status":"completed","label":"Build lower candle views","durationMs":71.94}
QG_PROGRESS:{"status":"started","label":"Build timeframe candle views"}
QG_PROGRESS:{"status":"completed","label":"Build timeframe candle views","durationMs":14.03}
QG_PROGRESS:{"status":"started","label":"Reaction geometry \u2022 Bullish"}
QG_PROGRESS:{"status":"completed","label":"Reaction geometry \u2022 Bullish","durationMs":15.19}
QG_PROGRESS:{"status":"started","label":"Reaction geometry \u2022 Bearish"}
QG_PROGRESS:{"status":"completed","label":"Reaction geometry \u2022 Bearish","durationMs":24.8}
QG_PROGRESS:{"status":"started","label":"Internal Reaction ownership"}
QG_PROGRESS:{"status":"completed","label":"Internal Reaction ownership","durationMs":19.22}
QG_PROGRESS:{"status":"started","label":"Blue Line \u2022 Bullish"}
QG_PROGRESS:{"status":"completed","label":"Blue Line \u2022 Bullish","durationMs":2.61}
QG_PROGRESS:{"status":"started","label":"A \u2022 Bullish"}
QG_PROGRESS:{"status":"completed","label":"A \u2022 Bullish","durationMs":11.96}
QG_PROGRESS:{"status":"started","label":"S \u2022 Bullish"}
QG_PROGRESS:{"status":"completed","label":"S \u2022 Bullish","durationMs":5.82}
QG_PROGRESS:{"status":"started","label":"E \u2022 Bullish \u2022 initial"}
QG_PROGRESS:{"status":"completed","label":"E \u2022 Bullish \u2022 initial","durationMs":30.32}
QG_PROGRESS:{"status":"started","label":"E \u2022 Bullish \u2022 S reconciliation"}
QG_PROGRESS:{"status":"completed","label":"E \u2022 Bullish \u2022 S reconciliation","durationMs":27.19}
QG_PROGRESS:{"status":"started","label":"E \u2022 Bullish \u2022 final audit"}
QG_PROGRESS:{"status":"completed","label":"E \u2022 Bullish \u2022 final audit","durationMs":18.83}
QG_PROGRESS:{"status":"started","label":"E \u2022 Bullish \u2022 shared Order-stop reconciliation"}
QG_PROGRESS:{"status":"completed","label":"E \u2022 Bullish \u2022 shared Order-stop reconciliation","durationMs":19.94}
QG_PROGRESS:{"status":"started","label":"E \u2022 Bullish \u2022 initial"}
QG_PROGRESS:{"status":"completed","label":"E \u2022 Bullish \u2022 initial","durationMs":33.61}
QG_PROGRESS:{"status":"started","label":"E \u2022 Bullish \u2022 S reconciliation"}
QG_PROGRESS:{"status":"completed","label":"E \u2022 Bullish \u2022 S reconciliation","durationMs":27.52}
QG_PROGRESS:{"status":"started","label":"E \u2022 Bullish \u2022 final audit"}
QG_PROGRESS:{"status":"completed","label":"E \u2022 Bullish \u2022 final audit","durationMs":19.5}
QG_PROGRESS:{"status":"started","label":"E \u2022 Bullish \u2022 shared Order-stop reconciliation"}
QG_PROGRESS:{"status":"completed","label":"E \u2022 Bullish \u2022 shared Order-stop reconciliation","durationMs":19.39}
QG_PROGRESS:{"status":"started","label":"Blue Line \u2022 Bearish"}
QG_PROGRESS:{"status":"completed","label":"Blue Line \u2022 Bearish","durationMs":3.07}
QG_PROGRESS:{"status":"started","label":"A \u2022 Bearish"}
QG_PROGRESS:{"status":"completed","label":"A \u2022 Bearish","durationMs":13.74}
QG_PROGRESS:{"status":"started","label":"S \u2022 Bearish"}
QG_PROGRESS:{"status":"completed","label":"S \u2022 Bearish","durationMs":7.67}
QG_PROGRESS:{"status":"started","label":"E \u2022 Bearish \u2022 initial"}
QG_PROGRESS:{"status":"completed","label":"E \u2022 Bearish \u2022 initial","durationMs":44.63}
QG_PROGRESS:{"status":"started","label":"E \u2022 Bearish \u2022 S reconciliation"}
QG_PROGRESS:{"status":"completed","label":"E \u2022 Bearish \u2022 S reconciliation","durationMs":26.12}
QG_PROGRESS:{"status":"started","label":"E \u2022 Bearish \u2022 final audit"}
QG_PROGRESS:{"status":"completed","label":"E \u2022 Bearish \u2022 final audit","durationMs":25.31}
QG_PROGRESS:{"status":"started","label":"E \u2022 Bearish \u2022 initial"}
QG_PROGRESS:{"status":"completed","label":"E \u2022 Bearish \u2022 initial","durationMs":43.1}
QG_PROGRESS:{"status":"started","label":"E \u2022 Bearish \u2022 S reconciliation"}
QG_PROGRESS:{"status":"completed","label":"E \u2022 Bearish \u2022 S reconciliation","durationMs":27.47}
QG_PROGRESS:{"status":"started","label":"E \u2022 Bearish \u2022 final audit"}
QG_PROGRESS:{"status":"completed","label":"E \u2022 Bearish \u2022 final audit","durationMs":27.79}
QG_PROGRESS:{"status":"started","label":"Reconcile S visibility - Bullish"}
QG_PROGRESS:{"status":"completed","label":"Reconcile S visibility - Bullish","durationMs":0.23}
QG_PROGRESS:{"status":"started","label":"StopAll - Bullish"}
QG_PROGRESS:{"status":"completed","label":"StopAll - Bullish","durationMs":0.28}
QG_PROGRESS:{"status":"started","label":"Order_B reset legs - Bullish"}
QG_PROGRESS:{"status":"completed","label":"Order_B reset legs - Bullish","durationMs":2.97}
QG_PROGRESS:{"status":"started","label":"Apply visibility filters - Bullish"}
QG_PROGRESS:{"status":"completed","label":"Apply visibility filters - Bullish","durationMs":3.72}
QG_PROGRESS:{"status":"started","label":"Serialize Reaction - Bullish"}
QG_PROGRESS:{"status":"completed","label":"Serialize Reaction - Bullish","durationMs":9.79}
QG_PROGRESS:{"status":"started","label":"Serialize output - Bullish"}
QG_PROGRESS:{"status":"completed","label":"Serialize output - Bullish","durationMs":10.93}
QG_PROGRESS:{"status":"started","label":"Reconcile S visibility - Bearish"}
QG_PROGRESS:{"status":"completed","label":"Reconcile S visibility - Bearish","durationMs":0.14}
QG_PROGRESS:{"status":"started","label":"StopAll - Bearish"}
QG_PROGRESS:{"status":"completed","label":"StopAll - Bearish","durationMs":0.36}
QG_PROGRESS:{"status":"started","label":"Order_B reset legs - Bearish"}
QG_PROGRESS:{"status":"completed","label":"Order_B reset legs - Bearish","durationMs":3.16}
QG_PROGRESS:{"status":"started","label":"Apply visibility filters - Bearish"}
QG_PROGRESS:{"status":"completed","label":"Apply visibility filters - Bearish","durationMs":4.92}
QG_PROGRESS:{"status":"started","label":"Serialize Reaction - Bearish"}
QG_PROGRESS:{"status":"completed","label":"Serialize Reaction - Bearish","durationMs":11.62}
QG_PROGRESS:{"status":"started","label":"Serialize output - Bearish"}
QG_PROGRESS:{"status":"completed","label":"Serialize output - Bearish","durationMs":8.86}
QG_PROGRESS:{"status":"completed","label":"Calculation pipeline","durationMs":947.31}
QG_PROGRESS:{"status":"completed","label":"Encode response JSON","durationMs":6.9}
