[
  {
    "name": "both",
    "exitCode": 0,
    "execution": "PASS"
  },
  {
    "name": "bullish",
    "exitCode": 0,
    "execution": "PASS",
    "sameDirectionAsBoth": "PASS"
  },
  {
    "name": "bearish",
    "exitCode": 0,
    "execution": "PASS",
    "sameDirectionAsBoth": "PASS"
  },
  {
    "name": "legacy-without-projection",
    "exitCode": 0,
    "execution": "PASS",
    "legacyUnchangedByOptionalProjection": "PASS"
  },
  {
    "name": "toggle-111",
    "exitCode": 0,
    "execution": "PASS",
    "disabledPublicArrays": "PASS"
  },
  {
    "name": "toggle-110",
    "exitCode": 0,
    "execution": "PASS",
    "disabledPublicArrays": "PASS"
  },
  {
    "name": "toggle-101",
    "exitCode": 0,
    "execution": "PASS",
    "disabledPublicArrays": "PASS"
  },
  {
    "name": "toggle-100",
    "exitCode": 0,
    "execution": "PASS",
    "disabledPublicArrays": "PASS"
  },
  {
    "name": "toggle-011",
    "exitCode": 0,
    "execution": "PASS",
    "disabledPublicArrays": "PASS"
  },
  {
    "name": "toggle-010",
    "exitCode": 0,
    "execution": "PASS",
    "disabledPublicArrays": "PASS"
  },
  {
    "name": "toggle-001",
    "exitCode": 0,
    "execution": "PASS",
    "disabledPublicArrays": "PASS"
  },
  {
    "name": "toggle-000",
    "exitCode": 0,
    "execution": "PASS",
    "disabledPublicArrays": "PASS"
  },
  {
    "name": "without-e-engine",
    "exitCode": 0,
    "execution": "PASS"
  },
  {
    "name": "without-stopall-engine",
    "exitCode": 1,
    "execution": "FAIL",
    "error": {
      "error": "Final Order_B lifecycle causes differ from converged E feedback."
    }
  },
  {
    "name": "presentation-range",
    "exitCode": 0,
    "execution": "PASS",
    "presentationRangeSameCalculatedObjects": "PASS",
    "differences": []
  }
]
