{
  "auditStartLocalDate": "2026-10-05",
  "auditCompletionLocalDate": "2026-10-06",
  "timezone": "Asia/Tehran",
  "engineZipSha256": "7df1c37e43b17fed8f71815d65a11f208971999d4646d6db323213581ee60aba",
  "python": "3.14.6",
  "dependencies": {
    "orjson": "3.12.0",
    "pytest": "9.1.1",
    "tzdata": "2026.3"
  },
  "sourceFiles": 12,
  "sourceLines": 12735,
  "sourceDefinitionNodes": 395,
  "originalRAWFiles": 15,
  "originalRAWSuppliedRows": 2615072,
  "matrices": {
    "raw-30s": {
      "runs": 15,
      "directionsPerRun": 2,
      "executionCounts": {
        "PASS": 15
      },
      "timeframes": [
        30
      ],
      "totalWallSeconds": 829.17,
      "longestWallSeconds": 335.74
    },
    "raw-60s": {
      "runs": 8,
      "directionsPerRun": 2,
      "executionCounts": {
        "PASS": 8
      },
      "timeframes": [
        60
      ],
      "totalWallSeconds": 130.52,
      "longestWallSeconds": 77.95
    },
    "raw-5s": {
      "runs": 3,
      "directionsPerRun": 2,
      "executionCounts": {
        "PASS": 3
      },
      "timeframes": [
        5
      ],
      "totalWallSeconds": 107.5,
      "longestWallSeconds": 63.74
    },
    "determinism": {
      "runs": 12,
      "directionsPerRun": 2,
      "executionCounts": {
        "PASS": 12
      },
      "timeframes": [
        30
      ],
      "totalWallSeconds": 73.1,
      "longestWallSeconds": 13.07
    },
    "finest-union": {
      "runs": 4,
      "directionsPerRun": 2,
      "executionCounts": {
        "PASS": 4
      },
      "timeframes": [
        30,
        60
      ],
      "totalWallSeconds": 577.5,
      "longestWallSeconds": 267.28
    }
  },
  "completeDirectionCalculations": 84,
  "repeatComparisons": 8,
  "repeatStatuses": {
    "PASS": 8
  },
  "rawInvariantCases": 42,
  "rawInvariantFailures": 0,
  "rawInvariantCheckStatuses": {
    "PASS": 504
  },
  "configurationCases": 15
}
{
  "protectedFilesChecked": 51,
  "protectedStatus": "PASS",
  "protectedMismatches": [],
  "packageAndLiveSourceStatus": "PASS",
  "packageErrors": [],
  "preexistingGitStatus": "PASS",
  "gitDeltaOutsideOwnedAudit": {
    "added": [],
    "removed": [],
    "headBefore": "38a4bff50884765cf25a352a839b8213ec71409f",
    "headAfter": "38a4bff50884765cf25a352a839b8213ec71409f"
  },
  "chartProductionBaseline": "INCOMPLETE - no initial chart byte hashes; current hashes recorded by boundary reviewer"
}
