QG_PROGRESS:{"status":"started","label":"Load Reaction engine"}
QG_PROGRESS:{"status":"completed","label":"Load Reaction engine","durationMs":20.97}
QG_PROGRESS:{"status":"started","label":"Load Blue Line engine"}
QG_PROGRESS:{"status":"completed","label":"Load Blue Line engine","durationMs":5.09}
QG_PROGRESS:{"status":"started","label":"Load A engine"}
QG_PROGRESS:{"status":"completed","label":"Load A engine","durationMs":7.66}
QG_PROGRESS:{"status":"started","label":"Load S engine"}
QG_PROGRESS:{"status":"completed","label":"Load S engine","durationMs":10.37}
QG_PROGRESS:{"status":"started","label":"Load E engine"}
QG_PROGRESS:{"status":"completed","label":"Load E engine","durationMs":10.01}
QG_PROGRESS:{"status":"started","label":"Load Lifecycle engine"}
QG_PROGRESS:{"status":"completed","label":"Load Lifecycle engine","durationMs":11.1}
QG_PROGRESS:{"status":"started","label":"Read source file"}
QG_PROGRESS:{"status":"completed","label":"Read source file","durationMs":2.37}
QG_PROGRESS:{"status":"started","label":"Parse source JSON"}
QG_PROGRESS:{"status":"completed","label":"Parse source JSON","durationMs":31.51}
QG_PROGRESS:{"status":"started","label":"Use full RAW calculation context"}
QG_PROGRESS:{"status":"completed","label":"Use full RAW calculation context","durationMs":0.01}
QG_PROGRESS:{"status":"started","label":"Normalize raw candles"}
QG_PROGRESS:{"status":"completed","label":"Normalize raw candles","durationMs":123.38}
QG_PROGRESS:{"status":"started","label":"Build lower candle views"}
QG_PROGRESS:{"status":"completed","label":"Build lower candle views","durationMs":297.75}
QG_PROGRESS:{"status":"started","label":"Build timeframe candle views"}
QG_PROGRESS:{"status":"completed","label":"Build timeframe candle views","durationMs":48.38}
QG_PROGRESS:{"status":"started","label":"Reaction geometry \u2022 Bullish"}
QG_PROGRESS:{"status":"completed","label":"Reaction geometry \u2022 Bullish","durationMs":73.27}
QG_PROGRESS:{"status":"started","label":"Reaction geometry \u2022 Bearish"}
QG_PROGRESS:{"status":"completed","label":"Reaction geometry \u2022 Bearish","durationMs":111.65}
QG_PROGRESS:{"status":"started","label":"Internal Reaction ownership"}
QG_PROGRESS:{"status":"completed","label":"Internal Reaction ownership","durationMs":402.33}
QG_PROGRESS:{"status":"started","label":"Blue Line \u2022 Bullish"}
QG_PROGRESS:{"status":"completed","label":"Blue Line \u2022 Bullish","durationMs":9.53}
QG_PROGRESS:{"status":"started","label":"A \u2022 Bullish"}
QG_PROGRESS:{"status":"completed","label":"A \u2022 Bullish","durationMs":44.66}
QG_PROGRESS:{"status":"started","label":"S \u2022 Bullish"}
QG_PROGRESS:{"status":"completed","label":"S \u2022 Bullish","durationMs":94.86}
QG_PROGRESS:{"status":"started","label":"E \u2022 Bullish \u2022 initial"}
QG_PROGRESS:{"status":"completed","label":"E \u2022 Bullish \u2022 initial","durationMs":265.46}
QG_PROGRESS:{"status":"started","label":"E \u2022 Bullish \u2022 S reconciliation"}
QG_PROGRESS:{"status":"completed","label":"E \u2022 Bullish \u2022 S reconciliation","durationMs":90.06}
QG_PROGRESS:{"status":"started","label":"E \u2022 Bullish \u2022 final audit"}
QG_PROGRESS:{"status":"completed","label":"E \u2022 Bullish \u2022 final audit","durationMs":57.59}
QG_PROGRESS:{"status":"started","label":"E \u2022 Bullish \u2022 shared Order-stop reconciliation"}
QG_PROGRESS:{"status":"completed","label":"E \u2022 Bullish \u2022 shared Order-stop reconciliation","durationMs":61.84}
QG_PROGRESS:{"status":"started","label":"E \u2022 Bullish \u2022 initial"}
QG_PROGRESS:{"status":"completed","label":"E \u2022 Bullish \u2022 initial","durationMs":273.64}
QG_PROGRESS:{"status":"started","label":"E \u2022 Bullish \u2022 S reconciliation"}
QG_PROGRESS:{"status":"completed","label":"E \u2022 Bullish \u2022 S reconciliation","durationMs":160.96}
QG_PROGRESS:{"status":"started","label":"E \u2022 Bullish \u2022 final audit"}
QG_PROGRESS:{"status":"completed","label":"E \u2022 Bullish \u2022 final audit","durationMs":174.87}
QG_PROGRESS:{"status":"started","label":"E \u2022 Bullish \u2022 shared Order-stop reconciliation"}
QG_PROGRESS:{"status":"completed","label":"E \u2022 Bullish \u2022 shared Order-stop reconciliation","durationMs":241.87}
QG_PROGRESS:{"status":"started","label":"E \u2022 Bullish \u2022 initial"}
QG_PROGRESS:{"status":"completed","label":"E \u2022 Bullish \u2022 initial","durationMs":418.14}
QG_PROGRESS:{"status":"started","label":"E \u2022 Bullish \u2022 S reconciliation"}
QG_PROGRESS:{"status":"completed","label":"E \u2022 Bullish \u2022 S reconciliation","durationMs":232.49}
QG_PROGRESS:{"status":"started","label":"E \u2022 Bullish \u2022 final audit"}
QG_PROGRESS:{"status":"completed","label":"E \u2022 Bullish \u2022 final audit","durationMs":212.96}
QG_PROGRESS:{"status":"started","label":"E \u2022 Bullish \u2022 shared Order-stop reconciliation"}
QG_PROGRESS:{"status":"completed","label":"E \u2022 Bullish \u2022 shared Order-stop reconciliation","durationMs":203.41}
QG_PROGRESS:{"status":"started","label":"Blue Line \u2022 Bearish"}
QG_PROGRESS:{"status":"completed","label":"Blue Line \u2022 Bearish","durationMs":20.17}
QG_PROGRESS:{"status":"started","label":"A \u2022 Bearish"}
QG_PROGRESS:{"status":"completed","label":"A \u2022 Bearish","durationMs":82.45}
QG_PROGRESS:{"status":"started","label":"S \u2022 Bearish"}
QG_PROGRESS:{"status":"completed","label":"S \u2022 Bearish","durationMs":253.88}
QG_PROGRESS:{"status":"started","label":"E \u2022 Bearish \u2022 initial"}
QG_PROGRESS:{"status":"completed","label":"E \u2022 Bearish \u2022 initial","durationMs":377.78}
QG_PROGRESS:{"status":"started","label":"E \u2022 Bearish \u2022 S reconciliation"}
QG_PROGRESS:{"status":"completed","label":"E \u2022 Bearish \u2022 S reconciliation","durationMs":175.24}
QG_PROGRESS:{"status":"started","label":"E \u2022 Bearish \u2022 final audit"}
QG_PROGRESS:{"status":"completed","label":"E \u2022 Bearish \u2022 final audit","durationMs":122.09}
QG_PROGRESS:{"status":"started","label":"E \u2022 Bearish \u2022 shared Order-stop reconciliation"}
QG_PROGRESS:{"status":"completed","label":"E \u2022 Bearish \u2022 shared Order-stop reconciliation","durationMs":135.68}
QG_PROGRESS:{"status":"started","label":"E \u2022 Bearish \u2022 initial"}
QG_PROGRESS:{"status":"completed","label":"E \u2022 Bearish \u2022 initial","durationMs":364.88}
QG_PROGRESS:{"status":"started","label":"E \u2022 Bearish \u2022 S reconciliation"}
QG_PROGRESS:{"status":"completed","label":"E \u2022 Bearish \u2022 S reconciliation","durationMs":236.87}
QG_PROGRESS:{"status":"started","label":"E \u2022 Bearish \u2022 final audit"}
QG_PROGRESS:{"status":"completed","label":"E \u2022 Bearish \u2022 final audit","durationMs":289.86}
QG_PROGRESS:{"status":"started","label":"E \u2022 Bearish \u2022 shared Order-stop reconciliation"}
QG_PROGRESS:{"status":"completed","label":"E \u2022 Bearish \u2022 shared Order-stop reconciliation","durationMs":220.29}
QG_PROGRESS:{"status":"started","label":"E \u2022 Bearish \u2022 initial"}
QG_PROGRESS:{"status":"completed","label":"E \u2022 Bearish \u2022 initial","durationMs":331.48}
QG_PROGRESS:{"status":"started","label":"E \u2022 Bearish \u2022 S reconciliation"}
QG_PROGRESS:{"status":"completed","label":"E \u2022 Bearish \u2022 S reconciliation","durationMs":243.83}
QG_PROGRESS:{"status":"started","label":"E \u2022 Bearish \u2022 final audit"}
QG_PROGRESS:{"status":"completed","label":"E \u2022 Bearish \u2022 final audit","durationMs":221.39}
QG_PROGRESS:{"status":"started","label":"E \u2022 Bearish \u2022 shared Order-stop reconciliation"}
QG_PROGRESS:{"status":"completed","label":"E \u2022 Bearish \u2022 shared Order-stop reconciliation","durationMs":204.87}
QG_PROGRESS:{"status":"started","label":"Reconcile S visibility - Bullish"}
QG_PROGRESS:{"status":"completed","label":"Reconcile S visibility - Bullish","durationMs":1.33}
QG_PROGRESS:{"status":"started","label":"StopAll - Bullish"}
QG_PROGRESS:{"status":"completed","label":"StopAll - Bullish","durationMs":5.02}
QG_PROGRESS:{"status":"started","label":"Order_B reset legs - Bullish"}
QG_PROGRESS:{"status":"completed","label":"Order_B reset legs - Bullish","durationMs":84.14}
QG_PROGRESS:{"status":"started","label":"Apply visibility filters - Bullish"}
QG_PROGRESS:{"status":"completed","label":"Apply visibility filters - Bullish","durationMs":114.12}
QG_PROGRESS:{"status":"started","label":"Serialize Reaction - Bullish"}
QG_PROGRESS:{"status":"completed","label":"Serialize Reaction - Bullish","durationMs":57.99}
QG_PROGRESS:{"status":"started","label":"Serialize output - Bullish"}
QG_PROGRESS:{"status":"completed","label":"Serialize output - Bullish","durationMs":79.49}
QG_PROGRESS:{"status":"started","label":"Reconcile S visibility - Bearish"}
QG_PROGRESS:{"status":"completed","label":"Reconcile S visibility - Bearish","durationMs":2.17}
QG_PROGRESS:{"status":"started","label":"StopAll - Bearish"}
QG_PROGRESS:{"status":"completed","label":"StopAll - Bearish","durationMs":3.3}
QG_PROGRESS:{"status":"started","label":"Order_B reset legs - Bearish"}
QG_PROGRESS:{"status":"completed","label":"Order_B reset legs - Bearish","durationMs":73.71}
QG_PROGRESS:{"status":"started","label":"Apply visibility filters - Bearish"}
QG_PROGRESS:{"status":"completed","label":"Apply visibility filters - Bearish","durationMs":130.03}
QG_PROGRESS:{"status":"started","label":"Serialize Reaction - Bearish"}
QG_PROGRESS:{"status":"completed","label":"Serialize Reaction - Bearish","durationMs":47.34}
QG_PROGRESS:{"status":"started","label":"Serialize output - Bearish"}
QG_PROGRESS:{"status":"completed","label":"Serialize output - Bearish","durationMs":96.77}
{"events": 14, "stableUninstrumentedEquality": true, "wallSeconds": 10.665810100006638, "path": "D:\\My-Projects\\TradingBot\\engineering\\verification\\forensic-audit-2026-10-05\\traces\\raw-14-30s.events.json"}
