QG_PROGRESS:{"status":"started","label":"Validate request"}
QG_PROGRESS:{"status":"completed","label":"Validate request","durationMs":15.61}
QG_PROGRESS:{"status":"started","label":"Load Reaction engine"}
QG_PROGRESS:{"status":"completed","label":"Load Reaction engine","durationMs":10.29}
QG_PROGRESS:{"status":"started","label":"Load Blue Line engine"}
QG_PROGRESS:{"status":"completed","label":"Load Blue Line engine","durationMs":3.56}
QG_PROGRESS:{"status":"started","label":"Load A engine"}
QG_PROGRESS:{"status":"completed","label":"Load A engine","durationMs":4.79}
QG_PROGRESS:{"status":"started","label":"Load S engine"}
QG_PROGRESS:{"status":"completed","label":"Load S engine","durationMs":4.4}
QG_PROGRESS:{"status":"started","label":"Load E engine"}
QG_PROGRESS:{"status":"completed","label":"Load E engine","durationMs":8.67}
QG_PROGRESS:{"status":"started","label":"Load Lifecycle engine"}
QG_PROGRESS:{"status":"completed","label":"Load Lifecycle engine","durationMs":6.6}
QG_PROGRESS:{"status":"started","label":"Read source file"}
QG_PROGRESS:{"status":"completed","label":"Read source file","durationMs":0.99}
QG_PROGRESS:{"status":"started","label":"Parse source JSON"}
QG_PROGRESS:{"status":"completed","label":"Parse source JSON","durationMs":9.99}
QG_PROGRESS:{"status":"started","label":"Use full RAW calculation context"}
QG_PROGRESS:{"status":"completed","label":"Use full RAW calculation context","durationMs":0.02}
QG_PROGRESS:{"status":"started","label":"Normalize raw candles"}
QG_PROGRESS:{"status":"completed","label":"Normalize raw candles","durationMs":79.27}
QG_PROGRESS:{"status":"started","label":"Build lower candle views"}
QG_PROGRESS:{"status":"completed","label":"Build lower candle views","durationMs":82.48}
QG_PROGRESS:{"status":"started","label":"Build timeframe candle views"}
QG_PROGRESS:{"status":"completed","label":"Build timeframe candle views","durationMs":13.01}
QG_PROGRESS:{"status":"started","label":"Reaction geometry \u2022 Bullish"}
QG_PROGRESS:{"status":"completed","label":"Reaction geometry \u2022 Bullish","durationMs":17.87}
QG_PROGRESS:{"status":"started","label":"Reaction geometry \u2022 Bearish"}
QG_PROGRESS:{"status":"completed","label":"Reaction geometry \u2022 Bearish","durationMs":30.04}
QG_PROGRESS:{"status":"started","label":"Internal Reaction ownership"}
QG_PROGRESS:{"status":"completed","label":"Internal Reaction ownership","durationMs":25.07}
QG_PROGRESS:{"status":"started","label":"Blue Line \u2022 Bullish"}
QG_PROGRESS:{"status":"completed","label":"Blue Line \u2022 Bullish","durationMs":3.66}
QG_PROGRESS:{"status":"started","label":"A \u2022 Bullish"}
QG_PROGRESS:{"status":"completed","label":"A \u2022 Bullish","durationMs":14.27}
QG_PROGRESS:{"status":"started","label":"S \u2022 Bullish"}
QG_PROGRESS:{"status":"completed","label":"S \u2022 Bullish","durationMs":6.88}
QG_PROGRESS:{"status":"started","label":"E \u2022 Bullish \u2022 initial"}
QG_PROGRESS:{"status":"completed","label":"E \u2022 Bullish \u2022 initial","durationMs":36.02}
QG_PROGRESS:{"status":"started","label":"E \u2022 Bullish \u2022 S reconciliation"}
QG_PROGRESS:{"status":"completed","label":"E \u2022 Bullish \u2022 S reconciliation","durationMs":31.89}
QG_PROGRESS:{"status":"started","label":"E \u2022 Bullish \u2022 final audit"}
QG_PROGRESS:{"status":"completed","label":"E \u2022 Bullish \u2022 final audit","durationMs":21.9}
QG_PROGRESS:{"status":"started","label":"E \u2022 Bullish \u2022 shared Order-stop reconciliation"}
QG_PROGRESS:{"status":"completed","label":"E \u2022 Bullish \u2022 shared Order-stop reconciliation","durationMs":21.75}
QG_PROGRESS:{"status":"started","label":"E \u2022 Bullish \u2022 initial"}
QG_PROGRESS:{"status":"completed","label":"E \u2022 Bullish \u2022 initial","durationMs":34.96}
QG_PROGRESS:{"status":"started","label":"E \u2022 Bullish \u2022 S reconciliation"}
QG_PROGRESS:{"status":"completed","label":"E \u2022 Bullish \u2022 S reconciliation","durationMs":30.65}
QG_PROGRESS:{"status":"started","label":"E \u2022 Bullish \u2022 final audit"}
QG_PROGRESS:{"status":"completed","label":"E \u2022 Bullish \u2022 final audit","durationMs":21.97}
QG_PROGRESS:{"status":"started","label":"E \u2022 Bullish \u2022 shared Order-stop reconciliation"}
QG_PROGRESS:{"status":"completed","label":"E \u2022 Bullish \u2022 shared Order-stop reconciliation","durationMs":21.88}
QG_PROGRESS:{"status":"started","label":"Blue Line \u2022 Bearish"}
QG_PROGRESS:{"status":"completed","label":"Blue Line \u2022 Bearish","durationMs":2.62}
QG_PROGRESS:{"status":"started","label":"A \u2022 Bearish"}
QG_PROGRESS:{"status":"completed","label":"A \u2022 Bearish","durationMs":15.1}
QG_PROGRESS:{"status":"started","label":"S \u2022 Bearish"}
QG_PROGRESS:{"status":"completed","label":"S \u2022 Bearish","durationMs":8.41}
QG_PROGRESS:{"status":"started","label":"E \u2022 Bearish \u2022 initial"}
QG_PROGRESS:{"status":"completed","label":"E \u2022 Bearish \u2022 initial","durationMs":46.25}
QG_PROGRESS:{"status":"started","label":"E \u2022 Bearish \u2022 S reconciliation"}
QG_PROGRESS:{"status":"completed","label":"E \u2022 Bearish \u2022 S reconciliation","durationMs":29.6}
QG_PROGRESS:{"status":"started","label":"E \u2022 Bearish \u2022 final audit"}
QG_PROGRESS:{"status":"completed","label":"E \u2022 Bearish \u2022 final audit","durationMs":28.0}
QG_PROGRESS:{"status":"started","label":"E \u2022 Bearish \u2022 initial"}
QG_PROGRESS:{"status":"completed","label":"E \u2022 Bearish \u2022 initial","durationMs":48.81}
QG_PROGRESS:{"status":"started","label":"E \u2022 Bearish \u2022 S reconciliation"}
QG_PROGRESS:{"status":"completed","label":"E \u2022 Bearish \u2022 S reconciliation","durationMs":29.18}
QG_PROGRESS:{"status":"started","label":"E \u2022 Bearish \u2022 final audit"}
QG_PROGRESS:{"status":"completed","label":"E \u2022 Bearish \u2022 final audit","durationMs":28.66}
QG_PROGRESS:{"status":"started","label":"Reconcile S visibility - Bullish"}
QG_PROGRESS:{"status":"completed","label":"Reconcile S visibility - Bullish","durationMs":0.27}
QG_PROGRESS:{"status":"started","label":"StopAll - Bullish"}
QG_PROGRESS:{"status":"completed","label":"StopAll - Bullish","durationMs":0.3}
QG_PROGRESS:{"status":"started","label":"Order_B reset legs - Bullish"}
QG_PROGRESS:{"status":"completed","label":"Order_B reset legs - Bullish","durationMs":3.09}
QG_PROGRESS:{"status":"started","label":"Apply visibility filters - Bullish"}
QG_PROGRESS:{"status":"completed","label":"Apply visibility filters - Bullish","durationMs":3.86}
QG_PROGRESS:{"status":"started","label":"Serialize Reaction - Bullish"}
QG_PROGRESS:{"status":"completed","label":"Serialize Reaction - Bullish","durationMs":10.54}
QG_PROGRESS:{"status":"started","label":"Serialize output - Bullish"}
QG_PROGRESS:{"status":"completed","label":"Serialize output - Bullish","durationMs":14.65}
QG_PROGRESS:{"status":"started","label":"Reconcile S visibility - Bearish"}
QG_PROGRESS:{"status":"completed","label":"Reconcile S visibility - Bearish","durationMs":0.16}
QG_PROGRESS:{"status":"started","label":"StopAll - Bearish"}
QG_PROGRESS:{"status":"completed","label":"StopAll - Bearish","durationMs":0.39}
QG_PROGRESS:{"status":"started","label":"Order_B reset legs - Bearish"}
QG_PROGRESS:{"status":"completed","label":"Order_B reset legs - Bearish","durationMs":3.37}
QG_PROGRESS:{"status":"started","label":"Apply visibility filters - Bearish"}
QG_PROGRESS:{"status":"completed","label":"Apply visibility filters - Bearish","durationMs":5.36}
QG_PROGRESS:{"status":"started","label":"Serialize Reaction - Bearish"}
QG_PROGRESS:{"status":"completed","label":"Serialize Reaction - Bearish","durationMs":8.79}
QG_PROGRESS:{"status":"started","label":"Serialize output - Bearish"}
QG_PROGRESS:{"status":"completed","label":"Serialize output - Bearish","durationMs":11.73}
QG_PROGRESS:{"status":"completed","label":"Calculation pipeline","durationMs":1028.6}
QG_PROGRESS:{"status":"completed","label":"Encode response JSON","durationMs":7.13}
