QG_PROGRESS:{"status":"started","label":"Validate request"}
QG_PROGRESS:{"status":"completed","label":"Validate request","durationMs":6.31}
QG_PROGRESS:{"status":"started","label":"Load Reaction engine"}
QG_PROGRESS:{"status":"completed","label":"Load Reaction engine","durationMs":20.89}
QG_PROGRESS:{"status":"started","label":"Load Blue Line engine"}
QG_PROGRESS:{"status":"completed","label":"Load Blue Line engine","durationMs":2.06}
QG_PROGRESS:{"status":"started","label":"Load A engine"}
QG_PROGRESS:{"status":"completed","label":"Load A engine","durationMs":8.61}
QG_PROGRESS:{"status":"started","label":"Load S engine"}
QG_PROGRESS:{"status":"completed","label":"Load S engine","durationMs":10.95}
QG_PROGRESS:{"status":"started","label":"Load E engine"}
QG_PROGRESS:{"status":"completed","label":"Load E engine","durationMs":10.08}
QG_PROGRESS:{"status":"started","label":"Load Lifecycle engine"}
QG_PROGRESS:{"status":"completed","label":"Load Lifecycle engine","durationMs":12.35}
QG_PROGRESS:{"status":"started","label":"Read source file"}
QG_PROGRESS:{"status":"completed","label":"Read source file","durationMs":0.56}
QG_PROGRESS:{"status":"started","label":"Parse source JSON"}
QG_PROGRESS:{"status":"completed","label":"Parse source JSON","durationMs":5.11}
QG_PROGRESS:{"status":"started","label":"Use full RAW calculation context"}
QG_PROGRESS:{"status":"completed","label":"Use full RAW calculation context","durationMs":0.01}
QG_PROGRESS:{"status":"started","label":"Normalize raw candles"}
QG_PROGRESS:{"status":"completed","label":"Normalize raw candles","durationMs":35.52}
QG_PROGRESS:{"status":"started","label":"Build lower candle views"}
QG_PROGRESS:{"status":"completed","label":"Build lower candle views","durationMs":41.83}
QG_PROGRESS:{"status":"started","label":"Build timeframe candle views"}
QG_PROGRESS:{"status":"completed","label":"Build timeframe candle views","durationMs":36.97}
QG_PROGRESS:{"status":"started","label":"Reaction geometry \u2022 Bullish"}
QG_PROGRESS:{"status":"completed","label":"Reaction geometry \u2022 Bullish","durationMs":51.87}
QG_PROGRESS:{"status":"started","label":"Reaction geometry \u2022 Bearish"}
QG_PROGRESS:{"status":"completed","label":"Reaction geometry \u2022 Bearish","durationMs":87.4}
QG_PROGRESS:{"status":"started","label":"Internal Reaction ownership"}
QG_PROGRESS:{"status":"completed","label":"Internal Reaction ownership","durationMs":302.57}
QG_PROGRESS:{"status":"started","label":"Blue Line \u2022 Bullish"}
QG_PROGRESS:{"status":"completed","label":"Blue Line \u2022 Bullish","durationMs":8.56}
QG_PROGRESS:{"status":"started","label":"A \u2022 Bullish"}
QG_PROGRESS:{"status":"completed","label":"A \u2022 Bullish","durationMs":144.41}
QG_PROGRESS:{"status":"started","label":"S \u2022 Bullish"}
QG_PROGRESS:{"status":"completed","label":"S \u2022 Bullish","durationMs":80.08}
QG_PROGRESS:{"status":"started","label":"E \u2022 Bullish \u2022 initial"}
QG_PROGRESS:{"status":"completed","label":"E \u2022 Bullish \u2022 initial","durationMs":142.25}
QG_PROGRESS:{"status":"started","label":"E \u2022 Bullish \u2022 S reconciliation"}
QG_PROGRESS:{"status":"completed","label":"E \u2022 Bullish \u2022 S reconciliation","durationMs":53.74}
QG_PROGRESS:{"status":"started","label":"E \u2022 Bullish \u2022 final audit"}
QG_PROGRESS:{"status":"completed","label":"E \u2022 Bullish \u2022 final audit","durationMs":41.87}
QG_PROGRESS:{"status":"started","label":"E \u2022 Bullish \u2022 shared Order-stop reconciliation"}
QG_PROGRESS:{"status":"completed","label":"E \u2022 Bullish \u2022 shared Order-stop reconciliation","durationMs":42.86}
QG_PROGRESS:{"status":"started","label":"Blue Line \u2022 Bullish"}
QG_PROGRESS:{"status":"completed","label":"Blue Line \u2022 Bullish","durationMs":8.92}
QG_PROGRESS:{"status":"started","label":"A \u2022 Bullish"}
QG_PROGRESS:{"status":"completed","label":"A \u2022 Bullish","durationMs":130.19}
QG_PROGRESS:{"status":"started","label":"S \u2022 Bullish"}
QG_PROGRESS:{"status":"completed","label":"S \u2022 Bullish","durationMs":68.61}
QG_PROGRESS:{"status":"started","label":"E \u2022 Bullish \u2022 initial"}
QG_PROGRESS:{"status":"completed","label":"E \u2022 Bullish \u2022 initial","durationMs":102.08}
QG_PROGRESS:{"status":"started","label":"E \u2022 Bullish \u2022 S reconciliation"}
QG_PROGRESS:{"status":"completed","label":"E \u2022 Bullish \u2022 S reconciliation","durationMs":82.12}
QG_PROGRESS:{"status":"started","label":"E \u2022 Bullish \u2022 final audit"}
QG_PROGRESS:{"status":"completed","label":"E \u2022 Bullish \u2022 final audit","durationMs":73.38}
QG_PROGRESS:{"status":"started","label":"E \u2022 Bullish \u2022 shared Order-stop reconciliation"}
QG_PROGRESS:{"status":"completed","label":"E \u2022 Bullish \u2022 shared Order-stop reconciliation","durationMs":75.19}
QG_PROGRESS:{"status":"started","label":"Blue Line \u2022 Bullish"}
QG_PROGRESS:{"status":"completed","label":"Blue Line \u2022 Bullish","durationMs":12.88}
QG_PROGRESS:{"status":"started","label":"A \u2022 Bullish"}
QG_PROGRESS:{"status":"completed","label":"A \u2022 Bullish","durationMs":136.38}
QG_PROGRESS:{"status":"started","label":"S \u2022 Bullish"}
QG_PROGRESS:{"status":"completed","label":"S \u2022 Bullish","durationMs":75.81}
QG_PROGRESS:{"status":"started","label":"E \u2022 Bullish \u2022 initial"}
QG_PROGRESS:{"status":"completed","label":"E \u2022 Bullish \u2022 initial","durationMs":103.78}
QG_PROGRESS:{"status":"started","label":"E \u2022 Bullish \u2022 S reconciliation"}
QG_PROGRESS:{"status":"completed","label":"E \u2022 Bullish \u2022 S reconciliation","durationMs":77.32}
QG_PROGRESS:{"status":"started","label":"E \u2022 Bullish \u2022 final audit"}
QG_PROGRESS:{"status":"completed","label":"E \u2022 Bullish \u2022 final audit","durationMs":75.54}
QG_PROGRESS:{"status":"started","label":"E \u2022 Bullish \u2022 shared Order-stop reconciliation"}
QG_PROGRESS:{"status":"completed","label":"E \u2022 Bullish \u2022 shared Order-stop reconciliation","durationMs":72.18}
QG_PROGRESS:{"status":"started","label":"Reconcile S visibility - Bullish"}
QG_PROGRESS:{"status":"completed","label":"Reconcile S visibility - Bullish","durationMs":0.88}
QG_PROGRESS:{"status":"started","label":"StopAll - Bullish"}
QG_PROGRESS:{"status":"completed","label":"StopAll - Bullish","durationMs":1.29}
QG_PROGRESS:{"status":"started","label":"Order_B reset legs - Bullish"}
QG_PROGRESS:{"status":"completed","label":"Order_B reset legs - Bullish","durationMs":29.3}
QG_PROGRESS:{"status":"started","label":"Apply visibility filters - Bullish"}
QG_PROGRESS:{"status":"completed","label":"Apply visibility filters - Bullish","durationMs":62.24}
QG_PROGRESS:{"status":"started","label":"Serialize Reaction - Bullish"}
QG_PROGRESS:{"status":"completed","label":"Serialize Reaction - Bullish","durationMs":45.36}
QG_PROGRESS:{"status":"started","label":"Serialize output - Bullish"}
QG_PROGRESS:{"status":"completed","label":"Serialize output - Bullish","durationMs":8.46}
QG_PROGRESS:{"status":"completed","label":"Calculation pipeline","durationMs":2921.85}
QG_PROGRESS:{"status":"completed","label":"Encode response JSON","durationMs":5.55}
