QG_PROGRESS:{"status":"started","label":"Load Reaction engine"}
QG_PROGRESS:{"status":"completed","label":"Load Reaction engine","durationMs":18.64}
QG_PROGRESS:{"status":"started","label":"Load Blue Line engine"}
QG_PROGRESS:{"status":"completed","label":"Load Blue Line engine","durationMs":3.67}
QG_PROGRESS:{"status":"started","label":"Load A engine"}
QG_PROGRESS:{"status":"completed","label":"Load A engine","durationMs":5.82}
QG_PROGRESS:{"status":"started","label":"Load S engine"}
QG_PROGRESS:{"status":"completed","label":"Load S engine","durationMs":8.85}
QG_PROGRESS:{"status":"started","label":"Load E engine"}
QG_PROGRESS:{"status":"completed","label":"Load E engine","durationMs":8.27}
QG_PROGRESS:{"status":"started","label":"Load Lifecycle engine"}
QG_PROGRESS:{"status":"completed","label":"Load Lifecycle engine","durationMs":10.12}
QG_PROGRESS:{"status":"started","label":"Read source file"}
QG_PROGRESS:{"status":"completed","label":"Read source file","durationMs":1.66}
QG_PROGRESS:{"status":"started","label":"Parse source JSON"}
QG_PROGRESS:{"status":"completed","label":"Parse source JSON","durationMs":22.09}
QG_PROGRESS:{"status":"started","label":"Use full RAW calculation context"}
QG_PROGRESS:{"status":"completed","label":"Use full RAW calculation context","durationMs":0.01}
QG_PROGRESS:{"status":"started","label":"Normalize raw candles"}
QG_PROGRESS:{"status":"completed","label":"Normalize raw candles","durationMs":99.9}
QG_PROGRESS:{"status":"started","label":"Build lower candle views"}
QG_PROGRESS:{"status":"completed","label":"Build lower candle views","durationMs":180.74}
QG_PROGRESS:{"status":"started","label":"Build timeframe candle views"}
QG_PROGRESS:{"status":"completed","label":"Build timeframe candle views","durationMs":28.03}
QG_PROGRESS:{"status":"started","label":"Load Reaction engine"}
QG_PROGRESS:{"status":"completed","label":"Load Reaction engine","durationMs":15.48}
QG_PROGRESS:{"status":"started","label":"Load Blue Line engine"}
QG_PROGRESS:{"status":"completed","label":"Load Blue Line engine","durationMs":3.51}
QG_PROGRESS:{"status":"started","label":"Load A engine"}
QG_PROGRESS:{"status":"completed","label":"Load A engine","durationMs":5.26}
QG_PROGRESS:{"status":"started","label":"Load S engine"}
QG_PROGRESS:{"status":"completed","label":"Load S engine","durationMs":34.64}
QG_PROGRESS:{"status":"started","label":"Load E engine"}
QG_PROGRESS:{"status":"completed","label":"Load E engine","durationMs":7.68}
QG_PROGRESS:{"status":"started","label":"Load Lifecycle engine"}
QG_PROGRESS:{"status":"completed","label":"Load Lifecycle engine","durationMs":9.28}
QG_PROGRESS:{"status":"started","label":"Read source file"}
QG_PROGRESS:{"status":"completed","label":"Read source file","durationMs":2.06}
QG_PROGRESS:{"status":"started","label":"Parse source JSON"}
QG_PROGRESS:{"status":"completed","label":"Parse source JSON","durationMs":22.99}
QG_PROGRESS:{"status":"started","label":"Use full RAW calculation context"}
QG_PROGRESS:{"status":"completed","label":"Use full RAW calculation context","durationMs":0.01}
QG_PROGRESS:{"status":"started","label":"Normalize raw candles"}
QG_PROGRESS:{"status":"completed","label":"Normalize raw candles","durationMs":105.12}
QG_PROGRESS:{"status":"started","label":"Build lower candle views"}
QG_PROGRESS:{"status":"completed","label":"Build lower candle views","durationMs":215.56}
QG_PROGRESS:{"status":"started","label":"Build timeframe candle views"}
QG_PROGRESS:{"status":"completed","label":"Build timeframe candle views","durationMs":38.81}
[
  {
    "raw_index": 8,
    "timeframe": 30,
    "direction": "bullish",
    "pass": 0,
    "invalid_S_windows_removed": 35,
    "revived_A_count": 13,
    "independently_accepted_A_count": 0,
    "batch_accepted_revived_A_count": 0
  },
  {
    "raw_index": 8,
    "timeframe": 30,
    "direction": "bullish",
    "pass": 1,
    "invalid_S_windows_removed": 35,
    "revived_A_count": 13,
    "independently_accepted_A_count": 0,
    "batch_accepted_revived_A_count": 0
  },
  {
    "raw_index": 8,
    "timeframe": 30,
    "direction": "bullish",
    "pass": 2,
    "invalid_S_windows_removed": 35,
    "revived_A_count": 13,
    "independently_accepted_A_count": 0,
    "batch_accepted_revived_A_count": 0
  },
  {
    "raw_index": 8,
    "timeframe": 30,
    "direction": "bearish",
    "pass": 0,
    "invalid_S_windows_removed": 29,
    "revived_A_count": 6,
    "independently_accepted_A_count": 0,
    "batch_accepted_revived_A_count": 0
  },
  {
    "raw_index": 8,
    "timeframe": 30,
    "direction": "bearish",
    "pass": 1,
    "invalid_S_windows_removed": 29,
    "revived_A_count": 6,
    "independently_accepted_A_count": 0,
    "batch_accepted_revived_A_count": 0
  },
  {
    "raw_index": 8,
    "timeframe": 30,
    "direction": "bearish",
    "pass": 2,
    "invalid_S_windows_removed": 29,
    "revived_A_count": 6,
    "independently_accepted_A_count": 0,
    "batch_accepted_revived_A_count": 0
  },
  {
    "raw_index": 14,
    "timeframe": 30,
    "direction": "bullish",
    "pass": 0,
    "invalid_S_windows_removed": 46,
    "revived_A_count": 17,
    "independently_accepted_A_count": 0,
    "batch_accepted_revived_A_count": 0
  },
  {
    "raw_index": 14,
    "timeframe": 30,
    "direction": "bullish",
    "pass": 1,
    "invalid_S_windows_removed": 46,
    "revived_A_count": 17,
    "independently_accepted_A_count": 0,
    "batch_accepted_revived_A_count": 0
  },
  {
    "raw_index": 14,
    "timeframe": 30,
    "direction": "bullish",
    "pass": 2,
    "invalid_S_windows_removed": 46,
    "revived_A_count": 17,
    "independently_accepted_A_count": 0,
    "batch_accepted_revived_A_count": 0
  },
  {
    "raw_index": 14,
    "timeframe": 30,
    "direction": "bearish",
    "pass": 0,
    "invalid_S_windows_removed": 49,
    "revived_A_count": 16,
    "independently_accepted_A_count": 0,
    "batch_accepted_revived_A_count": 0
  },
  {
    "raw_index": 14,
    "timeframe": 30,
    "direction": "bearish",
    "pass": 1,
    "invalid_S_windows_removed": 49,
    "revived_A_count": 16,
    "independently_accepted_A_count": 0,
    "batch_accepted_revived_A_count": 0
  },
  {
    "raw_index": 14,
    "timeframe": 30,
    "direction": "bearish",
    "pass": 2,
    "invalid_S_windows_removed": 49,
    "revived_A_count": 16,
    "independently_accepted_A_count": 0,
    "batch_accepted_revived_A_count": 0
  }
]
