QG_PROGRESS:{"status":"started","label":"Validate request"}
QG_PROGRESS:{"status":"completed","label":"Validate request","durationMs":7.2}
QG_PROGRESS:{"status":"started","label":"Load Reaction engine"}
QG_PROGRESS:{"status":"completed","label":"Load Reaction engine","durationMs":19.82}
QG_PROGRESS:{"status":"started","label":"Load Blue Line engine"}
QG_PROGRESS:{"status":"completed","label":"Load Blue Line engine","durationMs":4.28}
QG_PROGRESS:{"status":"started","label":"Load A engine"}
QG_PROGRESS:{"status":"completed","label":"Load A engine","durationMs":6.54}
QG_PROGRESS:{"status":"started","label":"Load S engine"}
QG_PROGRESS:{"status":"completed","label":"Load S engine","durationMs":9.71}
QG_PROGRESS:{"status":"started","label":"Load Lifecycle engine"}
QG_PROGRESS:{"status":"completed","label":"Load Lifecycle engine","durationMs":12.63}
QG_PROGRESS:{"status":"started","label":"Read source file"}
QG_PROGRESS:{"status":"completed","label":"Read source file","durationMs":0.46}
QG_PROGRESS:{"status":"started","label":"Parse source JSON"}
QG_PROGRESS:{"status":"completed","label":"Parse source JSON","durationMs":4.95}
QG_PROGRESS:{"status":"started","label":"Use full RAW calculation context"}
QG_PROGRESS:{"status":"completed","label":"Use full RAW calculation context","durationMs":0.01}
QG_PROGRESS:{"status":"started","label":"Normalize raw candles"}
QG_PROGRESS:{"status":"completed","label":"Normalize raw candles","durationMs":39.02}
QG_PROGRESS:{"status":"started","label":"Build lower candle views"}
QG_PROGRESS:{"status":"completed","label":"Build lower candle views","durationMs":43.47}
QG_PROGRESS:{"status":"started","label":"Build timeframe candle views"}
QG_PROGRESS:{"status":"completed","label":"Build timeframe candle views","durationMs":6.39}
QG_PROGRESS:{"status":"started","label":"Reaction \u2022 Bullish"}
QG_PROGRESS:{"status":"completed","label":"Reaction \u2022 Bullish","durationMs":9.94}
QG_PROGRESS:{"status":"started","label":"Reaction \u2022 Bearish"}
QG_PROGRESS:{"status":"completed","label":"Reaction \u2022 Bearish","durationMs":14.41}
QG_PROGRESS:{"status":"started","label":"Internal Reaction ownership"}
QG_PROGRESS:{"status":"completed","label":"Internal Reaction ownership","durationMs":11.38}
QG_PROGRESS:{"status":"started","label":"Blue Line - Bullish"}
QG_PROGRESS:{"status":"completed","label":"Blue Line - Bullish","durationMs":1.51}
QG_PROGRESS:{"status":"started","label":"A - Bullish"}
QG_PROGRESS:{"status":"completed","label":"A - Bullish","durationMs":4.68}
QG_PROGRESS:{"status":"started","label":"S - Bullish"}
QG_PROGRESS:{"status":"completed","label":"S - Bullish","durationMs":3.6}
QG_PROGRESS:{"status":"started","label":"Apply visibility filters - Bullish"}
QG_PROGRESS:{"status":"completed","label":"Apply visibility filters - Bullish","durationMs":1.7}
QG_PROGRESS:{"status":"started","label":"Serialize Reaction - Bullish"}
QG_PROGRESS:{"status":"completed","label":"Serialize Reaction - Bullish","durationMs":5.54}
QG_PROGRESS:{"status":"started","label":"Serialize output - Bullish"}
QG_PROGRESS:{"status":"completed","label":"Serialize output - Bullish","durationMs":3.82}
QG_PROGRESS:{"status":"started","label":"Blue Line - Bearish"}
QG_PROGRESS:{"status":"completed","label":"Blue Line - Bearish","durationMs":1.41}
QG_PROGRESS:{"status":"started","label":"A - Bearish"}
QG_PROGRESS:{"status":"completed","label":"A - Bearish","durationMs":4.91}
QG_PROGRESS:{"status":"started","label":"S - Bearish"}
QG_PROGRESS:{"status":"completed","label":"S - Bearish","durationMs":4.48}
QG_PROGRESS:{"status":"started","label":"Apply visibility filters - Bearish"}
QG_PROGRESS:{"status":"completed","label":"Apply visibility filters - Bearish","durationMs":2.78}
QG_PROGRESS:{"status":"started","label":"Serialize Reaction - Bearish"}
QG_PROGRESS:{"status":"completed","label":"Serialize Reaction - Bearish","durationMs":4.74}
QG_PROGRESS:{"status":"started","label":"Serialize output - Bearish"}
QG_PROGRESS:{"status":"completed","label":"Serialize output - Bearish","durationMs":3.44}
QG_PROGRESS:{"status":"completed","label":"Calculation pipeline","durationMs":259.98}
QG_PROGRESS:{"status":"completed","label":"Encode response JSON","durationMs":3.13}
